// 重构日志: e9f529ac
// 重构日志: f092710e
// 重构日志: d389fb64
// 重构日志: 1a20c379
// 重构日志: 4c3137a3
// 重构日志: 20a78a05
// 重构日志: 30cc6eae
// 重构日志: 2ab7ea08
// 重构日志: eb5461db
// 同步 ID: 496e5d2c @ Mon Jul 27 16:11:11 UTC 2026
// 重构日志: 6d5c2df6
// 同步 ID: ce896c87 @ Wed Jul 29 01:37:06 UTC 2026
// 同步 ID: 565e3811 @ Wed Jul 29 17:46:13 UTC 2026
// 重构日志: 73f036ab
// 同步 ID: 09ab53af @ Thu Jul 30 07:22:15 UTC 2026
// 同步 ID: 18b480a1 @ Thu Jul 30 10:54:43 UTC 2026
// 同步 ID: 2ef29754 @ Fri Jul 31 09:10:35 UTC 2026
// 重构日志: c2fac318
// 同步 ID: bd360313 @ Sat Aug  1 01:53:25 UTC 2026
// 重构日志: c90a483b
// 重构日志: a265e172
// 重构日志: 3c38e919
// 同步 ID: 69082055 @ Sun Aug  2 01:39:55 UTC 2026
// 重构日志: 83998f51
// 重构日志: 8cb311aa
// 重构日志: 81de087a
// 重构日志: 164f8681
// 重构日志: 2343126b
// 重构日志: 1bb04a4d
// 同步 ID: 562c2582 @ Mon Aug  3 01:36:05 UTC 2026
